Archive member included to satisfy reference by file (symbol)

/usr/lib/gcc/arm-none-eabi/13.2.1/../../../arm-none-eabi/lib/libc.a(libc_a-memset.o)
                              /usr/lib/gcc/arm-none-eabi/13.2.1/../../../arm-none-eabi/lib/crt0.o (memset)
/usr/lib/gcc/arm-none-eabi/13.2.1/../../../arm-none-eabi/lib/libc.a(libc_a-init.o)
                              /usr/lib/gcc/arm-none-eabi/13.2.1/../../../arm-none-eabi/lib/crt0.o (__libc_init_array)
/usr/lib/gcc/arm-none-eabi/13.2.1/../../../arm-none-eabi/lib/libc.a(libc_a-exit.o)
                              /usr/lib/gcc/arm-none-eabi/13.2.1/../../../arm-none-eabi/lib/crt0.o (exit)
/usr/lib/gcc/arm-none-eabi/13.2.1/../../../arm-none-eabi/lib/libc.a(libc_a-atexit.o)
                              /usr/lib/gcc/arm-none-eabi/13.2.1/../../../arm-none-eabi/lib/crt0.o (atexit)
/usr/lib/gcc/arm-none-eabi/13.2.1/../../../arm-none-eabi/lib/libc.a(libc_a-fini.o)
                              /usr/lib/gcc/arm-none-eabi/13.2.1/../../../arm-none-eabi/lib/crt0.o (__libc_fini_array)
/usr/lib/gcc/arm-none-eabi/13.2.1/../../../arm-none-eabi/lib/libc.a(libc_a-__call_atexit.o)
                              /usr/lib/gcc/arm-none-eabi/13.2.1/../../../arm-none-eabi/lib/libc.a(libc_a-exit.o) (__call_exitprocs)
/usr/lib/gcc/arm-none-eabi/13.2.1/../../../arm-none-eabi/lib/libc.a(libc_a-__atexit.o)
                              /usr/lib/gcc/arm-none-eabi/13.2.1/../../../arm-none-eabi/lib/libc.a(libc_a-atexit.o) (__register_exitproc)
/usr/lib/gcc/arm-none-eabi/13.2.1/../../../arm-none-eabi/lib/libc.a(libc_a-findfp.o)
                              /usr/lib/gcc/arm-none-eabi/13.2.1/../../../arm-none-eabi/lib/libc.a(libc_a-exit.o) (__stdio_exit_handler)
/usr/lib/gcc/arm-none-eabi/13.2.1/../../../arm-none-eabi/lib/libc.a(libc_a-fwalk.o)
                              /usr/lib/gcc/arm-none-eabi/13.2.1/../../../arm-none-eabi/lib/libc.a(libc_a-findfp.o) (_fwalk_sglue)
/usr/lib/gcc/arm-none-eabi/13.2.1/../../../arm-none-eabi/lib/libc.a(libc_a-impure.o)
                              /usr/lib/gcc/arm-none-eabi/13.2.1/../../../arm-none-eabi/lib/libc.a(libc_a-findfp.o) (_impure_data)
/usr/lib/gcc/arm-none-eabi/13.2.1/../../../arm-none-eabi/lib/libc.a(libc_a-mallocr.o)
                              /usr/lib/gcc/arm-none-eabi/13.2.1/../../../arm-none-eabi/lib/libc.a(libc_a-findfp.o) (_malloc_r)
/usr/lib/gcc/arm-none-eabi/13.2.1/../../../arm-none-eabi/lib/libc.a(libc_a-freer.o)
                              /usr/lib/gcc/arm-none-eabi/13.2.1/../../../arm-none-eabi/lib/libc.a(libc_a-mallocr.o) (_free_r)
/usr/lib/gcc/arm-none-eabi/13.2.1/../../../arm-none-eabi/lib/libc.a(libc_a-fclose.o)
                              /usr/lib/gcc/arm-none-eabi/13.2.1/../../../arm-none-eabi/lib/libc.a(libc_a-findfp.o) (_fclose_r)
/usr/lib/gcc/arm-none-eabi/13.2.1/../../../arm-none-eabi/lib/libc.a(libc_a-sysconf.o)
                              /usr/lib/gcc/arm-none-eabi/13.2.1/../../../arm-none-eabi/lib/libc.a(libc_a-mallocr.o) (sysconf)
/usr/lib/gcc/arm-none-eabi/13.2.1/../../../arm-none-eabi/lib/libc.a(libc_a-stdio.o)
                              /usr/lib/gcc/arm-none-eabi/13.2.1/../../../arm-none-eabi/lib/libc.a(libc_a-findfp.o) (__sread)
/usr/lib/gcc/arm-none-eabi/13.2.1/../../../arm-none-eabi/lib/libc.a(libc_a-writer.o)
                              /usr/lib/gcc/arm-none-eabi/13.2.1/../../../arm-none-eabi/lib/libc.a(libc_a-stdio.o) (_write_r)
/usr/lib/gcc/arm-none-eabi/13.2.1/../../../arm-none-eabi/lib/libc.a(libc_a-mlock.o)
                              /usr/lib/gcc/arm-none-eabi/13.2.1/../../../arm-none-eabi/lib/libc.a(libc_a-mallocr.o) (__malloc_lock)
/usr/lib/gcc/arm-none-eabi/13.2.1/../../../arm-none-eabi/lib/libc.a(libc_a-sbrkr.o)
                              /usr/lib/gcc/arm-none-eabi/13.2.1/../../../arm-none-eabi/lib/libc.a(libc_a-mallocr.o) (_sbrk_r)
/usr/lib/gcc/arm-none-eabi/13.2.1/../../../arm-none-eabi/lib/libc.a(libc_a-closer.o)
                              /usr/lib/gcc/arm-none-eabi/13.2.1/../../../arm-none-eabi/lib/libc.a(libc_a-stdio.o) (_close_r)
/usr/lib/gcc/arm-none-eabi/13.2.1/../../../arm-none-eabi/lib/libc.a(libc_a-fflush.o)
                              /usr/lib/gcc/arm-none-eabi/13.2.1/../../../arm-none-eabi/lib/libc.a(libc_a-fclose.o) (__sflush_r)
/usr/lib/gcc/arm-none-eabi/13.2.1/../../../arm-none-eabi/lib/libc.a(libc_a-errno.o)
                              /usr/lib/gcc/arm-none-eabi/13.2.1/../../../arm-none-eabi/lib/libc.a(libc_a-sysconf.o) (__errno)
/usr/lib/gcc/arm-none-eabi/13.2.1/../../../arm-none-eabi/lib/libc.a(libc_a-readr.o)
                              /usr/lib/gcc/arm-none-eabi/13.2.1/../../../arm-none-eabi/lib/libc.a(libc_a-stdio.o) (_read_r)
/usr/lib/gcc/arm-none-eabi/13.2.1/../../../arm-none-eabi/lib/libc.a(libc_a-lseekr.o)
                              /usr/lib/gcc/arm-none-eabi/13.2.1/../../../arm-none-eabi/lib/libc.a(libc_a-stdio.o) (_lseek_r)
/usr/lib/gcc/arm-none-eabi/13.2.1/../../../arm-none-eabi/lib/libc.a(libc_a-reent.o)
                              /usr/lib/gcc/arm-none-eabi/13.2.1/../../../arm-none-eabi/lib/libc.a(libc_a-writer.o) (errno)
/usr/lib/gcc/arm-none-eabi/13.2.1/libgcc.a(_udivsi3.o)
                              /usr/lib/gcc/arm-none-eabi/13.2.1/../../../arm-none-eabi/lib/libc.a(libc_a-freer.o) (__aeabi_uidiv)
/usr/lib/gcc/arm-none-eabi/13.2.1/libgcc.a(_dvmd_tls.o)
                              /usr/lib/gcc/arm-none-eabi/13.2.1/libgcc.a(_udivsi3.o) (__aeabi_idiv0)
/usr/lib/gcc/arm-none-eabi/13.2.1/../../../arm-none-eabi/lib/libnosys.a(close.o)
                              /usr/lib/gcc/arm-none-eabi/13.2.1/../../../arm-none-eabi/lib/libc.a(libc_a-closer.o) (_close)
/usr/lib/gcc/arm-none-eabi/13.2.1/../../../arm-none-eabi/lib/libnosys.a(lseek.o)
                              /usr/lib/gcc/arm-none-eabi/13.2.1/../../../arm-none-eabi/lib/libc.a(libc_a-lseekr.o) (_lseek)
/usr/lib/gcc/arm-none-eabi/13.2.1/../../../arm-none-eabi/lib/libnosys.a(read.o)
                              /usr/lib/gcc/arm-none-eabi/13.2.1/../../../arm-none-eabi/lib/libc.a(libc_a-readr.o) (_read)
/usr/lib/gcc/arm-none-eabi/13.2.1/../../../arm-none-eabi/lib/libnosys.a(sbrk.o)
                              /usr/lib/gcc/arm-none-eabi/13.2.1/../../../arm-none-eabi/lib/libc.a(libc_a-sbrkr.o) (_sbrk)
/usr/lib/gcc/arm-none-eabi/13.2.1/../../../arm-none-eabi/lib/libnosys.a(write.o)
                              /usr/lib/gcc/arm-none-eabi/13.2.1/../../../arm-none-eabi/lib/libc.a(libc_a-writer.o) (_write)
/usr/lib/gcc/arm-none-eabi/13.2.1/../../../arm-none-eabi/lib/libnosys.a(_exit.o)
                              /usr/lib/gcc/arm-none-eabi/13.2.1/../../../arm-none-eabi/lib/libc.a(libc_a-exit.o) (_exit)

Discarded input sections

 .gnu.warning._close
                0x00000000        0x0 /usr/lib/gcc/arm-none-eabi/13.2.1/../../../arm-none-eabi/lib/libnosys.a(close.o)
 .gnu.warning._lseek
                0x00000000        0x0 /usr/lib/gcc/arm-none-eabi/13.2.1/../../../arm-none-eabi/lib/libnosys.a(lseek.o)
 .gnu.warning._read
                0x00000000        0x0 /usr/lib/gcc/arm-none-eabi/13.2.1/../../../arm-none-eabi/lib/libnosys.a(read.o)
 .gnu.warning._write
                0x00000000        0x0 /usr/lib/gcc/arm-none-eabi/13.2.1/../../../arm-none-eabi/lib/libnosys.a(write.o)

Memory Configuration

Name             Origin             Length             Attributes
MAIN_FLASH       0x00000000         0x00040000         xr
INFO_FLASH       0x00200000         0x00004000         xr
SRAM_CODE        0x01000000         0x00010000         xrw
SRAM_DATA        0x20000000         0x00010000         rw
*default*        0x00000000         0xffffffff

Linker script and memory map

LOAD /usr/lib/gcc/arm-none-eabi/13.2.1/crti.o
LOAD /usr/lib/gcc/arm-none-eabi/13.2.1/crtbegin.o
LOAD /usr/lib/gcc/arm-none-eabi/13.2.1/../../../arm-none-eabi/lib/crt0.o
LOAD /tmp/ccAERLP4.o
LOAD /tmp/ccQfRIcN.o
                0x00000000                        PROVIDE (_intvecs_base_address = DEFINED (_intvecs_base_address)?_intvecs_base_address:0x0)

.intvecs
 *(.intvecs)
                0x00200000                        PROVIDE (_mailbox_base_address = 0x200000)

.flashMailbox
 *(.flashMailbox)
                0x00201000                        PROVIDE (_tlv_base_address = 0x201000)

.tlvTable
 *(.tlvTable)
                0x00202000                        PROVIDE (_bsl_base_address = 0x202000)

.bslArea
 *(.bslArea)
                0x20000000                        PROVIDE (_vtable_base_address = DEFINED (_vtable_base_address)?_vtable_base_address:0x20000000)

.vtable
 *(.vtable)

.text           0x00000000     0x1f14
 CREATE_OBJECT_SYMBOLS
 *(.text)
 .text          0x00000000        0x0 /usr/lib/gcc/arm-none-eabi/13.2.1/crti.o
 .text          0x00000000       0xdc /usr/lib/gcc/arm-none-eabi/13.2.1/crtbegin.o
 .text          0x000000dc      0x130 /usr/lib/gcc/arm-none-eabi/13.2.1/../../../arm-none-eabi/lib/crt0.o
                0x000000dc                _stack_init
                0x0000016c                _mainCRTStartup
                0x0000016c                _start
 .text          0x0000020c       0x2c /tmp/ccAERLP4.o
                0x0000020c                main
 .text          0x00000238       0x8c /tmp/ccQfRIcN.o
                0x00000238                clear
                0x0000029c                foo
 .text          0x000002c4       0xfc /usr/lib/gcc/arm-none-eabi/13.2.1/../../../arm-none-eabi/lib/libc.a(libc_a-memset.o)
                0x000002c4                memset
 .text          0x000003c0       0x90 /usr/lib/gcc/arm-none-eabi/13.2.1/../../../arm-none-eabi/lib/libc.a(libc_a-init.o)
                0x000003c0                __libc_init_array
 .text          0x00000450       0x30 /usr/lib/gcc/arm-none-eabi/13.2.1/../../../arm-none-eabi/lib/libc.a(libc_a-exit.o)
                0x00000450                exit
 .text          0x00000480       0x20 /usr/lib/gcc/arm-none-eabi/13.2.1/../../../arm-none-eabi/lib/libc.a(libc_a-atexit.o)
                0x00000480                atexit
 .text          0x000004a0       0x44 /usr/lib/gcc/arm-none-eabi/13.2.1/../../../arm-none-eabi/lib/libc.a(libc_a-fini.o)
                0x000004a0                __libc_fini_array
 .text          0x000004e4      0x124 /usr/lib/gcc/arm-none-eabi/13.2.1/../../../arm-none-eabi/lib/libc.a(libc_a-__call_atexit.o)
                0x000004e4                __call_exitprocs
 .text          0x00000608       0x8c /usr/lib/gcc/arm-none-eabi/13.2.1/../../../arm-none-eabi/lib/libc.a(libc_a-__atexit.o)
                0x00000608                __register_exitproc
 .text          0x00000694      0x348 /usr/lib/gcc/arm-none-eabi/13.2.1/../../../arm-none-eabi/lib/libc.a(libc_a-findfp.o)
                0x0000084c                __sfp
                0x0000095c                __sinit
                0x0000098c                __sfp_lock_acquire
                0x00000990                __sfp_lock_release
                0x00000994                __fp_lock_all
                0x000009b8                __fp_unlock_all
 .text          0x000009dc       0x78 /usr/lib/gcc/arm-none-eabi/13.2.1/../../../arm-none-eabi/lib/libc.a(libc_a-fwalk.o)
                0x000009dc                _fwalk_sglue
 .text          0x00000a54        0x0 /usr/lib/gcc/arm-none-eabi/13.2.1/../../../arm-none-eabi/lib/libc.a(libc_a-impure.o)
 .text          0x00000a54      0x784 /usr/lib/gcc/arm-none-eabi/13.2.1/../../../arm-none-eabi/lib/libc.a(libc_a-mallocr.o)
                0x00000a54                _malloc_r
 .text          0x000011d8      0x3fc /usr/lib/gcc/arm-none-eabi/13.2.1/../../../arm-none-eabi/lib/libc.a(libc_a-freer.o)
                0x000011d8                _malloc_trim_r
                0x000012ec                _free_r
 .text          0x000015d4      0x108 /usr/lib/gcc/arm-none-eabi/13.2.1/../../../arm-none-eabi/lib/libc.a(libc_a-fclose.o)
                0x000015d4                _fclose_r
                0x000016c8                fclose
 .text          0x000016dc       0x30 /usr/lib/gcc/arm-none-eabi/13.2.1/../../../arm-none-eabi/lib/libc.a(libc_a-sysconf.o)
                0x000016dc                sysconf
 .text          0x0000170c       0xdc /usr/lib/gcc/arm-none-eabi/13.2.1/../../../arm-none-eabi/lib/libc.a(libc_a-stdio.o)
                0x0000170c                __sread
                0x00001740                __seofread
                0x00001748                __swrite
                0x000017a4                __sseek
                0x000017d4                __sclose
 .text          0x000017e8       0x48 /usr/lib/gcc/arm-none-eabi/13.2.1/../../../arm-none-eabi/lib/libc.a(libc_a-writer.o)
                0x000017e8                _write_r
 .text          0x00001830        0x8 /usr/lib/gcc/arm-none-eabi/13.2.1/../../../arm-none-eabi/lib/libc.a(libc_a-mlock.o)
                0x00001830                __malloc_lock
                0x00001834                __malloc_unlock
 .text          0x00001838       0x44 /usr/lib/gcc/arm-none-eabi/13.2.1/../../../arm-none-eabi/lib/libc.a(libc_a-sbrkr.o)
                0x00001838                _sbrk_r
 .text          0x0000187c       0x3c /usr/lib/gcc/arm-none-eabi/13.2.1/../../../arm-none-eabi/lib/libc.a(libc_a-closer.o)
                0x0000187c                _close_r
 .text          0x000018b8      0x2e8 /usr/lib/gcc/arm-none-eabi/13.2.1/../../../arm-none-eabi/lib/libc.a(libc_a-fflush.o)
                0x000018b8                __sflush_r
                0x00001ac8                _fflush_r
                0x00001b1c                fflush
 .text          0x00001ba0       0x10 /usr/lib/gcc/arm-none-eabi/13.2.1/../../../arm-none-eabi/lib/libc.a(libc_a-errno.o)
                0x00001ba0                __errno
 .text          0x00001bb0       0x48 /usr/lib/gcc/arm-none-eabi/13.2.1/../../../arm-none-eabi/lib/libc.a(libc_a-readr.o)
                0x00001bb0                _read_r
 .text          0x00001bf8       0x48 /usr/lib/gcc/arm-none-eabi/13.2.1/../../../arm-none-eabi/lib/libc.a(libc_a-lseekr.o)
                0x00001bf8                _lseek_r
 .text          0x00001c40       0xc8 /usr/lib/gcc/arm-none-eabi/13.2.1/../../../arm-none-eabi/lib/libc.a(libc_a-reent.o)
                0x00001c40                _reclaim_reent
 .text          0x00001d08      0x114 /usr/lib/gcc/arm-none-eabi/13.2.1/libgcc.a(_udivsi3.o)
                0x00001d08                __udivsi3
                0x00001d08                __aeabi_uidiv
                0x00001dfc                __aeabi_uidivmod
 .text          0x00001e1c        0x4 /usr/lib/gcc/arm-none-eabi/13.2.1/libgcc.a(_dvmd_tls.o)
                0x00001e1c                __aeabi_ldiv0
                0x00001e1c                __aeabi_idiv0
 .text          0x00001e20       0x18 /usr/lib/gcc/arm-none-eabi/13.2.1/../../../arm-none-eabi/lib/libnosys.a(close.o)
                0x00001e20                _close
 .text          0x00001e38       0x18 /usr/lib/gcc/arm-none-eabi/13.2.1/../../../arm-none-eabi/lib/libnosys.a(lseek.o)
                0x00001e38                _lseek
 .text          0x00001e50       0x18 /usr/lib/gcc/arm-none-eabi/13.2.1/../../../arm-none-eabi/lib/libnosys.a(read.o)
                0x00001e50                _read
 .text          0x00001e68       0x2c /usr/lib/gcc/arm-none-eabi/13.2.1/../../../arm-none-eabi/lib/libnosys.a(sbrk.o)
                0x00001e68                _sbrk
 .text          0x00001e94       0x18 /usr/lib/gcc/arm-none-eabi/13.2.1/../../../arm-none-eabi/lib/libnosys.a(write.o)
                0x00001e94                _write
 .text          0x00001eac        0x4 /usr/lib/gcc/arm-none-eabi/13.2.1/../../../arm-none-eabi/lib/libnosys.a(_exit.o)
                0x00001eac                _exit
 .text          0x00001eb0        0x0 /usr/lib/gcc/arm-none-eabi/13.2.1/crtend.o
 .text          0x00001eb0        0x0 /usr/lib/gcc/arm-none-eabi/13.2.1/crtn.o
 *(.text.*)
 .text.startup  0x00001eb0       0x28 /usr/lib/gcc/arm-none-eabi/13.2.1/../../../arm-none-eabi/lib/libc.a(libc_a-__call_atexit.o)
                0x00001ed8                        . = ALIGN (0x4)
 *(.ctors)
                0x00001ed8                        . = ALIGN (0x4)
 *(.dtors)
                0x00001ed8                        . = ALIGN (0x4)
                0x00001ed8                        __init_array_start = .
 *(.init_array*)
 .init_array    0x00001ed8        0x4 /usr/lib/gcc/arm-none-eabi/13.2.1/crtbegin.o
 .init_array.00000
                0x00001edc        0x4 /usr/lib/gcc/arm-none-eabi/13.2.1/../../../arm-none-eabi/lib/libc.a(libc_a-__call_atexit.o)
                0x00001ee0                        __init_array_end = .
 *(.init)
 .init          0x00001ee0        0xc /usr/lib/gcc/arm-none-eabi/13.2.1/crti.o
                0x00001ee0                _init
 .init          0x00001eec        0xc /usr/lib/gcc/arm-none-eabi/13.2.1/crtn.o
 *(.fini*)
 .fini          0x00001ef8        0xc /usr/lib/gcc/arm-none-eabi/13.2.1/crti.o
                0x00001ef8                _fini
 .fini_array    0x00001f04        0x4 /usr/lib/gcc/arm-none-eabi/13.2.1/crtbegin.o
 .fini          0x00001f08        0xc /usr/lib/gcc/arm-none-eabi/13.2.1/crtn.o

.glue_7         0x00001f14        0x0
 .glue_7        0x00001f14        0x0 linker stubs

.glue_7t        0x00001f14        0x0
 .glue_7t       0x00001f14        0x0 linker stubs

.vfp11_veneer   0x00001f14        0x0
 .vfp11_veneer  0x00001f14        0x0 linker stubs

.v4_bx          0x00001f14        0x0
 .v4_bx         0x00001f14        0x0 linker stubs

.iplt           0x00001f14        0x0
 .iplt          0x00001f14        0x0 /usr/lib/gcc/arm-none-eabi/13.2.1/crtbegin.o

.rodata         0x00001f14       0x48
 *(.rodata)
 .rodata        0x00001f14       0x24 /usr/lib/gcc/arm-none-eabi/13.2.1/crtbegin.o
 .rodata        0x00001f38       0x24 /usr/lib/gcc/arm-none-eabi/13.2.1/crtend.o
 *(.rodata.*)

.eh_frame       0x00001f5c        0x4
 .eh_frame      0x00001f5c        0x0 /usr/lib/gcc/arm-none-eabi/13.2.1/crtbegin.o
 .eh_frame      0x00001f5c        0x4 /usr/lib/gcc/arm-none-eabi/13.2.1/crtend.o

.ARM.exidx      0x00001f60        0x8
                0x00001f60                        __exidx_start = .
 *(.ARM.exidx* .gnu.linkonce.armexidx.*)
 .ARM.exidx     0x00001f60        0x8 /usr/lib/gcc/arm-none-eabi/13.2.1/../../../arm-none-eabi/lib/crt0.o
                                 0x10 (size before relaxing)
                0x00001f68                        __exidx_end = .

.ARM.extab      0x00001f68        0x0
 *(.ARM.extab* .gnu.linkonce.armextab.*)
 .ARM.extab     0x00001f68        0x0 /usr/lib/gcc/arm-none-eabi/13.2.1/../../../arm-none-eabi/lib/crt0.o
                0x00001f68                        __etext = .

.rel.dyn        0x00001f68        0x0
 .rel.iplt      0x00001f68        0x0 /usr/lib/gcc/arm-none-eabi/13.2.1/crtbegin.o

.data           0x20000000      0x548 load address 0x00001f68
                0x00001f68                        __data_load__ = LOADADDR (.data)
                0x20000000                        __data_start__ = .
 *(.data)
 .data          0x20000000        0x0 /usr/lib/gcc/arm-none-eabi/13.2.1/crti.o
 .data          0x20000000        0x4 /usr/lib/gcc/arm-none-eabi/13.2.1/crtbegin.o
                0x20000000                __dso_handle
 .data          0x20000004        0x0 /usr/lib/gcc/arm-none-eabi/13.2.1/../../../arm-none-eabi/lib/crt0.o
 .data          0x20000004        0x0 /tmp/ccAERLP4.o
 .data          0x20000004        0x0 /tmp/ccQfRIcN.o
 .data          0x20000004        0x0 /usr/lib/gcc/arm-none-eabi/13.2.1/../../../arm-none-eabi/lib/libc.a(libc_a-memset.o)
 .data          0x20000004        0x0 /usr/lib/gcc/arm-none-eabi/13.2.1/../../../arm-none-eabi/lib/libc.a(libc_a-init.o)
 .data          0x20000004        0x0 /usr/lib/gcc/arm-none-eabi/13.2.1/../../../arm-none-eabi/lib/libc.a(libc_a-exit.o)
 .data          0x20000004        0x0 /usr/lib/gcc/arm-none-eabi/13.2.1/../../../arm-none-eabi/lib/libc.a(libc_a-atexit.o)
 .data          0x20000004        0x0 /usr/lib/gcc/arm-none-eabi/13.2.1/../../../arm-none-eabi/lib/libc.a(libc_a-fini.o)
 .data          0x20000004        0x0 /usr/lib/gcc/arm-none-eabi/13.2.1/../../../arm-none-eabi/lib/libc.a(libc_a-__call_atexit.o)
 .data          0x20000004        0x0 /usr/lib/gcc/arm-none-eabi/13.2.1/../../../arm-none-eabi/lib/libc.a(libc_a-__atexit.o)
 .data          0x20000004        0xc /usr/lib/gcc/arm-none-eabi/13.2.1/../../../arm-none-eabi/lib/libc.a(libc_a-findfp.o)
                0x20000004                __sglue
 .data          0x20000010        0x0 /usr/lib/gcc/arm-none-eabi/13.2.1/../../../arm-none-eabi/lib/libc.a(libc_a-fwalk.o)
 .data          0x20000010      0x128 /usr/lib/gcc/arm-none-eabi/13.2.1/../../../arm-none-eabi/lib/libc.a(libc_a-impure.o)
                0x20000010                _impure_ptr
                0x20000018                _impure_data
 .data          0x20000138      0x410 /usr/lib/gcc/arm-none-eabi/13.2.1/../../../arm-none-eabi/lib/libc.a(libc_a-mallocr.o)
                0x20000138                __malloc_av_
                0x20000540                __malloc_sbrk_base
                0x20000544                __malloc_trim_threshold
 .data          0x20000548        0x0 /usr/lib/gcc/arm-none-eabi/13.2.1/../../../arm-none-eabi/lib/libc.a(libc_a-freer.o)
 .data          0x20000548        0x0 /usr/lib/gcc/arm-none-eabi/13.2.1/../../../arm-none-eabi/lib/libc.a(libc_a-fclose.o)
 .data          0x20000548        0x0 /usr/lib/gcc/arm-none-eabi/13.2.1/../../../arm-none-eabi/lib/libc.a(libc_a-sysconf.o)
 .data          0x20000548        0x0 /usr/lib/gcc/arm-none-eabi/13.2.1/../../../arm-none-eabi/lib/libc.a(libc_a-stdio.o)
 .data          0x20000548        0x0 /usr/lib/gcc/arm-none-eabi/13.2.1/../../../arm-none-eabi/lib/libc.a(libc_a-writer.o)
 .data          0x20000548        0x0 /usr/lib/gcc/arm-none-eabi/13.2.1/../../../arm-none-eabi/lib/libc.a(libc_a-mlock.o)
 .data          0x20000548        0x0 /usr/lib/gcc/arm-none-eabi/13.2.1/../../../arm-none-eabi/lib/libc.a(libc_a-sbrkr.o)
 .data          0x20000548        0x0 /usr/lib/gcc/arm-none-eabi/13.2.1/../../../arm-none-eabi/lib/libc.a(libc_a-closer.o)
 .data          0x20000548        0x0 /usr/lib/gcc/arm-none-eabi/13.2.1/../../../arm-none-eabi/lib/libc.a(libc_a-fflush.o)
 .data          0x20000548        0x0 /usr/lib/gcc/arm-none-eabi/13.2.1/../../../arm-none-eabi/lib/libc.a(libc_a-errno.o)
 .data          0x20000548        0x0 /usr/lib/gcc/arm-none-eabi/13.2.1/../../../arm-none-eabi/lib/libc.a(libc_a-readr.o)
 .data          0x20000548        0x0 /usr/lib/gcc/arm-none-eabi/13.2.1/../../../arm-none-eabi/lib/libc.a(libc_a-lseekr.o)
 .data          0x20000548        0x0 /usr/lib/gcc/arm-none-eabi/13.2.1/../../../arm-none-eabi/lib/libc.a(libc_a-reent.o)
 .data          0x20000548        0x0 /usr/lib/gcc/arm-none-eabi/13.2.1/libgcc.a(_udivsi3.o)
 .data          0x20000548        0x0 /usr/lib/gcc/arm-none-eabi/13.2.1/libgcc.a(_dvmd_tls.o)
 .data          0x20000548        0x0 /usr/lib/gcc/arm-none-eabi/13.2.1/../../../arm-none-eabi/lib/libnosys.a(close.o)
 .data          0x20000548        0x0 /usr/lib/gcc/arm-none-eabi/13.2.1/../../../arm-none-eabi/lib/libnosys.a(lseek.o)
 .data          0x20000548        0x0 /usr/lib/gcc/arm-none-eabi/13.2.1/../../../arm-none-eabi/lib/libnosys.a(read.o)
 .data          0x20000548        0x0 /usr/lib/gcc/arm-none-eabi/13.2.1/../../../arm-none-eabi/lib/libnosys.a(sbrk.o)
 .data          0x20000548        0x0 /usr/lib/gcc/arm-none-eabi/13.2.1/../../../arm-none-eabi/lib/libnosys.a(write.o)
 .data          0x20000548        0x0 /usr/lib/gcc/arm-none-eabi/13.2.1/../../../arm-none-eabi/lib/libnosys.a(_exit.o)
 .data          0x20000548        0x0 /usr/lib/gcc/arm-none-eabi/13.2.1/crtend.o
 .data          0x20000548        0x0 /usr/lib/gcc/arm-none-eabi/13.2.1/crtn.o
 *(.data*)
                0x20000548                        . = ALIGN (0x4)
                0x20000548                        __data_end__ = .

.tm_clone_table
                0x20000548        0x0 load address 0x000024b0
 .tm_clone_table
                0x20000548        0x0 /usr/lib/gcc/arm-none-eabi/13.2.1/crtbegin.o
 .tm_clone_table
                0x20000548        0x0 /usr/lib/gcc/arm-none-eabi/13.2.1/crtend.o

.igot.plt       0x20000548        0x0 load address 0x000024b0
 .igot.plt      0x20000548        0x0 /usr/lib/gcc/arm-none-eabi/13.2.1/crtbegin.o

.bss            0x20000548      0x334
                0x20000548                        __bss_start__ = .
 *(.shbss)
 *(.bss)
 .bss           0x20000548        0x0 /usr/lib/gcc/arm-none-eabi/13.2.1/crti.o
 .bss           0x20000548       0x1c /usr/lib/gcc/arm-none-eabi/13.2.1/crtbegin.o
 .bss           0x20000564        0x0 /usr/lib/gcc/arm-none-eabi/13.2.1/../../../arm-none-eabi/lib/crt0.o
 .bss           0x20000564        0xa /tmp/ccAERLP4.o
                0x20000564                arr
 .bss           0x2000056e        0x0 /tmp/ccQfRIcN.o
 .bss           0x2000056e        0x0 /usr/lib/gcc/arm-none-eabi/13.2.1/../../../arm-none-eabi/lib/libc.a(libc_a-memset.o)
 .bss           0x2000056e        0x0 /usr/lib/gcc/arm-none-eabi/13.2.1/../../../arm-none-eabi/lib/libc.a(libc_a-init.o)
 .bss           0x2000056e        0x0 /usr/lib/gcc/arm-none-eabi/13.2.1/../../../arm-none-eabi/lib/libc.a(libc_a-exit.o)
 .bss           0x2000056e        0x0 /usr/lib/gcc/arm-none-eabi/13.2.1/../../../arm-none-eabi/lib/libc.a(libc_a-atexit.o)
 .bss           0x2000056e        0x0 /usr/lib/gcc/arm-none-eabi/13.2.1/../../../arm-none-eabi/lib/libc.a(libc_a-fini.o)
 *fill*         0x2000056e        0x2 
 .bss           0x20000570        0x4 /usr/lib/gcc/arm-none-eabi/13.2.1/../../../arm-none-eabi/lib/libc.a(libc_a-__call_atexit.o)
                0x20000570                __atexit
 .bss           0x20000574      0x190 /usr/lib/gcc/arm-none-eabi/13.2.1/../../../arm-none-eabi/lib/libc.a(libc_a-__atexit.o)
                0x20000574                __atexit0
 .bss           0x20000704      0x13c /usr/lib/gcc/arm-none-eabi/13.2.1/../../../arm-none-eabi/lib/libc.a(libc_a-findfp.o)
                0x20000704                __sf
                0x2000083c                __stdio_exit_handler
 .bss           0x20000840        0x0 /usr/lib/gcc/arm-none-eabi/13.2.1/../../../arm-none-eabi/lib/libc.a(libc_a-fwalk.o)
 .bss           0x20000840        0x0 /usr/lib/gcc/arm-none-eabi/13.2.1/../../../arm-none-eabi/lib/libc.a(libc_a-impure.o)
 .bss           0x20000840       0x34 /usr/lib/gcc/arm-none-eabi/13.2.1/../../../arm-none-eabi/lib/libc.a(libc_a-mallocr.o)
                0x20000840                __malloc_top_pad
                0x20000844                __malloc_current_mallinfo
                0x2000086c                __malloc_max_sbrked_mem
                0x20000870                __malloc_max_total_mem
 .bss           0x20000874        0x0 /usr/lib/gcc/arm-none-eabi/13.2.1/../../../arm-none-eabi/lib/libc.a(libc_a-freer.o)
 .bss           0x20000874        0x0 /usr/lib/gcc/arm-none-eabi/13.2.1/../../../arm-none-eabi/lib/libc.a(libc_a-fclose.o)
 .bss           0x20000874        0x0 /usr/lib/gcc/arm-none-eabi/13.2.1/../../../arm-none-eabi/lib/libc.a(libc_a-sysconf.o)
 .bss           0x20000874        0x0 /usr/lib/gcc/arm-none-eabi/13.2.1/../../../arm-none-eabi/lib/libc.a(libc_a-stdio.o)
 .bss           0x20000874        0x0 /usr/lib/gcc/arm-none-eabi/13.2.1/../../../arm-none-eabi/lib/libc.a(libc_a-writer.o)
 .bss           0x20000874        0x0 /usr/lib/gcc/arm-none-eabi/13.2.1/../../../arm-none-eabi/lib/libc.a(libc_a-mlock.o)
 .bss           0x20000874        0x0 /usr/lib/gcc/arm-none-eabi/13.2.1/../../../arm-none-eabi/lib/libc.a(libc_a-sbrkr.o)
 .bss           0x20000874        0x0 /usr/lib/gcc/arm-none-eabi/13.2.1/../../../arm-none-eabi/lib/libc.a(libc_a-closer.o)
 .bss           0x20000874        0x0 /usr/lib/gcc/arm-none-eabi/13.2.1/../../../arm-none-eabi/lib/libc.a(libc_a-fflush.o)
 .bss           0x20000874        0x0 /usr/lib/gcc/arm-none-eabi/13.2.1/../../../arm-none-eabi/lib/libc.a(libc_a-errno.o)
 .bss           0x20000874        0x0 /usr/lib/gcc/arm-none-eabi/13.2.1/../../../arm-none-eabi/lib/libc.a(libc_a-readr.o)
 .bss           0x20000874        0x0 /usr/lib/gcc/arm-none-eabi/13.2.1/../../../arm-none-eabi/lib/libc.a(libc_a-lseekr.o)
 .bss           0x20000874        0x4 /usr/lib/gcc/arm-none-eabi/13.2.1/../../../arm-none-eabi/lib/libc.a(libc_a-reent.o)
                0x20000874                errno
 .bss           0x20000878        0x0 /usr/lib/gcc/arm-none-eabi/13.2.1/libgcc.a(_udivsi3.o)
 .bss           0x20000878        0x0 /usr/lib/gcc/arm-none-eabi/13.2.1/libgcc.a(_dvmd_tls.o)
 .bss           0x20000878        0x0 /usr/lib/gcc/arm-none-eabi/13.2.1/../../../arm-none-eabi/lib/libnosys.a(close.o)
 .bss           0x20000878        0x0 /usr/lib/gcc/arm-none-eabi/13.2.1/../../../arm-none-eabi/lib/libnosys.a(lseek.o)
 .bss           0x20000878        0x0 /usr/lib/gcc/arm-none-eabi/13.2.1/../../../arm-none-eabi/lib/libnosys.a(read.o)
 .bss           0x20000878        0x4 /usr/lib/gcc/arm-none-eabi/13.2.1/../../../arm-none-eabi/lib/libnosys.a(sbrk.o)
 .bss           0x2000087c        0x0 /usr/lib/gcc/arm-none-eabi/13.2.1/../../../arm-none-eabi/lib/libnosys.a(write.o)
 .bss           0x2000087c        0x0 /usr/lib/gcc/arm-none-eabi/13.2.1/../../../arm-none-eabi/lib/libnosys.a(_exit.o)
 .bss           0x2000087c        0x0 /usr/lib/gcc/arm-none-eabi/13.2.1/crtend.o
 .bss           0x2000087c        0x0 /usr/lib/gcc/arm-none-eabi/13.2.1/crtn.o
 *(.bss.*)
 *(COMMON)
                0x2000087c                        . = ALIGN (0x4)
                0x2000087c                        __bss_end__ = .

.heap           0x2000087c        0x0
                0x2000087c                        __heap_start__ = .
                0x2000087c                        end = __heap_start__
                0x2000087c                        _end = end
                0x2000087c                        __end = end
 *(.heap)

.stack          0x20000880        0x0
                0x20000880                        _stack = .
                0x20000880                        __stack = .
 *(.stack)
START GROUP
LOAD /usr/lib/gcc/arm-none-eabi/13.2.1/libgcc.a
LOAD /usr/lib/gcc/arm-none-eabi/13.2.1/../../../arm-none-eabi/lib/libc.a
END GROUP
START GROUP
LOAD /usr/lib/gcc/arm-none-eabi/13.2.1/libgcc.a
LOAD /usr/lib/gcc/arm-none-eabi/13.2.1/../../../arm-none-eabi/lib/libc.a
LOAD /usr/lib/gcc/arm-none-eabi/13.2.1/../../../arm-none-eabi/lib/libnosys.a
END GROUP
LOAD /usr/lib/gcc/arm-none-eabi/13.2.1/crtend.o
LOAD /usr/lib/gcc/arm-none-eabi/13.2.1/crtn.o
OUTPUT(main.out elf32-littlearm)
LOAD linker stubs

.ARM.attributes
                0x00000000       0x26
 .ARM.attributes
                0x00000000       0x1c /usr/lib/gcc/arm-none-eabi/13.2.1/crti.o
 .ARM.attributes
                0x0000001c       0x2a /usr/lib/gcc/arm-none-eabi/13.2.1/crtbegin.o
 .ARM.attributes
                0x00000046       0x1a /usr/lib/gcc/arm-none-eabi/13.2.1/../../../arm-none-eabi/lib/crt0.o
 .ARM.attributes
                0x00000060       0x2a /tmp/ccAERLP4.o
 .ARM.attributes
                0x0000008a       0x2a /tmp/ccQfRIcN.o
 .ARM.attributes
                0x000000b4       0x2a /usr/lib/gcc/arm-none-eabi/13.2.1/../../../arm-none-eabi/lib/libc.a(libc_a-memset.o)
 .ARM.attributes
                0x000000de       0x2a /usr/lib/gcc/arm-none-eabi/13.2.1/../../../arm-none-eabi/lib/libc.a(libc_a-init.o)
 .ARM.attributes
                0x00000108       0x2a /usr/lib/gcc/arm-none-eabi/13.2.1/../../../arm-none-eabi/lib/libc.a(libc_a-exit.o)
 .ARM.attributes
                0x00000132       0x2a /usr/lib/gcc/arm-none-eabi/13.2.1/../../../arm-none-eabi/lib/libc.a(libc_a-atexit.o)
 .ARM.attributes
                0x0000015c       0x2a /usr/lib/gcc/arm-none-eabi/13.2.1/../../../arm-none-eabi/lib/libc.a(libc_a-fini.o)
 .ARM.attributes
                0x00000186       0x2a /usr/lib/gcc/arm-none-eabi/13.2.1/../../../arm-none-eabi/lib/libc.a(libc_a-__call_atexit.o)
 .ARM.attributes
                0x000001b0       0x2a /usr/lib/gcc/arm-none-eabi/13.2.1/../../../arm-none-eabi/lib/libc.a(libc_a-__atexit.o)
 .ARM.attributes
                0x000001da       0x2a /usr/lib/gcc/arm-none-eabi/13.2.1/../../../arm-none-eabi/lib/libc.a(libc_a-findfp.o)
 .ARM.attributes
                0x00000204       0x2a /usr/lib/gcc/arm-none-eabi/13.2.1/../../../arm-none-eabi/lib/libc.a(libc_a-fwalk.o)
 .ARM.attributes
                0x0000022e       0x2a /usr/lib/gcc/arm-none-eabi/13.2.1/../../../arm-none-eabi/lib/libc.a(libc_a-impure.o)
 .ARM.attributes
                0x00000258       0x2a /usr/lib/gcc/arm-none-eabi/13.2.1/../../../arm-none-eabi/lib/libc.a(libc_a-mallocr.o)
 .ARM.attributes
                0x00000282       0x2a /usr/lib/gcc/arm-none-eabi/13.2.1/../../../arm-none-eabi/lib/libc.a(libc_a-freer.o)
 .ARM.attributes
                0x000002ac       0x2a /usr/lib/gcc/arm-none-eabi/13.2.1/../../../arm-none-eabi/lib/libc.a(libc_a-fclose.o)
 .ARM.attributes
                0x000002d6       0x2a /usr/lib/gcc/arm-none-eabi/13.2.1/../../../arm-none-eabi/lib/libc.a(libc_a-sysconf.o)
 .ARM.attributes
                0x00000300       0x2a /usr/lib/gcc/arm-none-eabi/13.2.1/../../../arm-none-eabi/lib/libc.a(libc_a-stdio.o)
 .ARM.attributes
                0x0000032a       0x2a /usr/lib/gcc/arm-none-eabi/13.2.1/../../../arm-none-eabi/lib/libc.a(libc_a-writer.o)
 .ARM.attributes
                0x00000354       0x2a /usr/lib/gcc/arm-none-eabi/13.2.1/../../../arm-none-eabi/lib/libc.a(libc_a-mlock.o)
 .ARM.attributes
                0x0000037e       0x2a /usr/lib/gcc/arm-none-eabi/13.2.1/../../../arm-none-eabi/lib/libc.a(libc_a-sbrkr.o)
 .ARM.attributes
                0x000003a8       0x2a /usr/lib/gcc/arm-none-eabi/13.2.1/../../../arm-none-eabi/lib/libc.a(libc_a-closer.o)
 .ARM.attributes
                0x000003d2       0x2a /usr/lib/gcc/arm-none-eabi/13.2.1/../../../arm-none-eabi/lib/libc.a(libc_a-fflush.o)
 .ARM.attributes
                0x000003fc       0x2a /usr/lib/gcc/arm-none-eabi/13.2.1/../../../arm-none-eabi/lib/libc.a(libc_a-errno.o)
 .ARM.attributes
                0x00000426       0x2a /usr/lib/gcc/arm-none-eabi/13.2.1/../../../arm-none-eabi/lib/libc.a(libc_a-readr.o)
 .ARM.attributes
                0x00000450       0x2a /usr/lib/gcc/arm-none-eabi/13.2.1/../../../arm-none-eabi/lib/libc.a(libc_a-lseekr.o)
 .ARM.attributes
                0x0000047a       0x2a /usr/lib/gcc/arm-none-eabi/13.2.1/../../../arm-none-eabi/lib/libc.a(libc_a-reent.o)
 .ARM.attributes
                0x000004a4       0x1c /usr/lib/gcc/arm-none-eabi/13.2.1/libgcc.a(_udivsi3.o)
 .ARM.attributes
                0x000004c0       0x1c /usr/lib/gcc/arm-none-eabi/13.2.1/libgcc.a(_dvmd_tls.o)
 .ARM.attributes
                0x000004dc       0x2a /usr/lib/gcc/arm-none-eabi/13.2.1/../../../arm-none-eabi/lib/libnosys.a(close.o)
 .ARM.attributes
                0x00000506       0x2a /usr/lib/gcc/arm-none-eabi/13.2.1/../../../arm-none-eabi/lib/libnosys.a(lseek.o)
 .ARM.attributes
                0x00000530       0x2a /usr/lib/gcc/arm-none-eabi/13.2.1/../../../arm-none-eabi/lib/libnosys.a(read.o)
 .ARM.attributes
                0x0000055a       0x2a /usr/lib/gcc/arm-none-eabi/13.2.1/../../../arm-none-eabi/lib/libnosys.a(sbrk.o)
 .ARM.attributes
                0x00000584       0x2a /usr/lib/gcc/arm-none-eabi/13.2.1/../../../arm-none-eabi/lib/libnosys.a(write.o)
 .ARM.attributes
                0x000005ae       0x2a /usr/lib/gcc/arm-none-eabi/13.2.1/../../../arm-none-eabi/lib/libnosys.a(_exit.o)
 .ARM.attributes
                0x000005d8       0x2a /usr/lib/gcc/arm-none-eabi/13.2.1/crtend.o
 .ARM.attributes
                0x00000602       0x1c /usr/lib/gcc/arm-none-eabi/13.2.1/crtn.o

.comment        0x00000000       0x26
 .comment       0x00000000       0x26 /usr/lib/gcc/arm-none-eabi/13.2.1/crtbegin.o
                                 0x27 (size before relaxing)
 .comment       0x00000026       0x27 /tmp/ccAERLP4.o
 .comment       0x00000026       0x27 /tmp/ccQfRIcN.o
 .comment       0x00000026       0x27 /usr/lib/gcc/arm-none-eabi/13.2.1/../../../arm-none-eabi/lib/libc.a(libc_a-memset.o)
 .comment       0x00000026       0x27 /usr/lib/gcc/arm-none-eabi/13.2.1/../../../arm-none-eabi/lib/libc.a(libc_a-init.o)
 .comment       0x00000026       0x27 /usr/lib/gcc/arm-none-eabi/13.2.1/../../../arm-none-eabi/lib/libc.a(libc_a-exit.o)
 .comment       0x00000026       0x27 /usr/lib/gcc/arm-none-eabi/13.2.1/../../../arm-none-eabi/lib/libc.a(libc_a-atexit.o)
 .comment       0x00000026       0x27 /usr/lib/gcc/arm-none-eabi/13.2.1/../../../arm-none-eabi/lib/libc.a(libc_a-fini.o)
 .comment       0x00000026       0x27 /usr/lib/gcc/arm-none-eabi/13.2.1/../../../arm-none-eabi/lib/libc.a(libc_a-__call_atexit.o)
 .comment       0x00000026       0x27 /usr/lib/gcc/arm-none-eabi/13.2.1/../../../arm-none-eabi/lib/libc.a(libc_a-__atexit.o)
 .comment       0x00000026       0x27 /usr/lib/gcc/arm-none-eabi/13.2.1/../../../arm-none-eabi/lib/libc.a(libc_a-findfp.o)
 .comment       0x00000026       0x27 /usr/lib/gcc/arm-none-eabi/13.2.1/../../../arm-none-eabi/lib/libc.a(libc_a-fwalk.o)
 .comment       0x00000026       0x27 /usr/lib/gcc/arm-none-eabi/13.2.1/../../../arm-none-eabi/lib/libc.a(libc_a-impure.o)
 .comment       0x00000026       0x27 /usr/lib/gcc/arm-none-eabi/13.2.1/../../../arm-none-eabi/lib/libc.a(libc_a-mallocr.o)
 .comment       0x00000026       0x27 /usr/lib/gcc/arm-none-eabi/13.2.1/../../../arm-none-eabi/lib/libc.a(libc_a-freer.o)
 .comment       0x00000026       0x27 /usr/lib/gcc/arm-none-eabi/13.2.1/../../../arm-none-eabi/lib/libc.a(libc_a-fclose.o)
 .comment       0x00000026       0x27 /usr/lib/gcc/arm-none-eabi/13.2.1/../../../arm-none-eabi/lib/libc.a(libc_a-sysconf.o)
 .comment       0x00000026       0x27 /usr/lib/gcc/arm-none-eabi/13.2.1/../../../arm-none-eabi/lib/libc.a(libc_a-stdio.o)
 .comment       0x00000026       0x27 /usr/lib/gcc/arm-none-eabi/13.2.1/../../../arm-none-eabi/lib/libc.a(libc_a-writer.o)
 .comment       0x00000026       0x27 /usr/lib/gcc/arm-none-eabi/13.2.1/../../../arm-none-eabi/lib/libc.a(libc_a-mlock.o)
 .comment       0x00000026       0x27 /usr/lib/gcc/arm-none-eabi/13.2.1/../../../arm-none-eabi/lib/libc.a(libc_a-sbrkr.o)
 .comment       0x00000026       0x27 /usr/lib/gcc/arm-none-eabi/13.2.1/../../../arm-none-eabi/lib/libc.a(libc_a-closer.o)
 .comment       0x00000026       0x27 /usr/lib/gcc/arm-none-eabi/13.2.1/../../../arm-none-eabi/lib/libc.a(libc_a-fflush.o)
 .comment       0x00000026       0x27 /usr/lib/gcc/arm-none-eabi/13.2.1/../../../arm-none-eabi/lib/libc.a(libc_a-errno.o)
 .comment       0x00000026       0x27 /usr/lib/gcc/arm-none-eabi/13.2.1/../../../arm-none-eabi/lib/libc.a(libc_a-readr.o)
 .comment       0x00000026       0x27 /usr/lib/gcc/arm-none-eabi/13.2.1/../../../arm-none-eabi/lib/libc.a(libc_a-lseekr.o)
 .comment       0x00000026       0x27 /usr/lib/gcc/arm-none-eabi/13.2.1/../../../arm-none-eabi/lib/libc.a(libc_a-reent.o)
 .comment       0x00000026       0x27 /usr/lib/gcc/arm-none-eabi/13.2.1/../../../arm-none-eabi/lib/libnosys.a(close.o)
 .comment       0x00000026       0x27 /usr/lib/gcc/arm-none-eabi/13.2.1/../../../arm-none-eabi/lib/libnosys.a(lseek.o)
 .comment       0x00000026       0x27 /usr/lib/gcc/arm-none-eabi/13.2.1/../../../arm-none-eabi/lib/libnosys.a(read.o)
 .comment       0x00000026       0x27 /usr/lib/gcc/arm-none-eabi/13.2.1/../../../arm-none-eabi/lib/libnosys.a(sbrk.o)
 .comment       0x00000026       0x27 /usr/lib/gcc/arm-none-eabi/13.2.1/../../../arm-none-eabi/lib/libnosys.a(write.o)
 .comment       0x00000026       0x27 /usr/lib/gcc/arm-none-eabi/13.2.1/../../../arm-none-eabi/lib/libnosys.a(_exit.o)
 .comment       0x00000026       0x27 /usr/lib/gcc/arm-none-eabi/13.2.1/crtend.o

.debug_line     0x00000000     0x387e
 .debug_line    0x00000000       0x9c /usr/lib/gcc/arm-none-eabi/13.2.1/../../../arm-none-eabi/lib/crt0.o
 .debug_line    0x0000009c      0x1b9 /usr/lib/gcc/arm-none-eabi/13.2.1/../../../arm-none-eabi/lib/libc.a(libc_a-memset.o)
 .debug_line    0x00000255      0x110 /usr/lib/gcc/arm-none-eabi/13.2.1/../../../arm-none-eabi/lib/libc.a(libc_a-init.o)
 .debug_line    0x00000365      0x130 /usr/lib/gcc/arm-none-eabi/13.2.1/../../../arm-none-eabi/lib/libc.a(libc_a-exit.o)
 .debug_line    0x00000495       0xbf /usr/lib/gcc/arm-none-eabi/13.2.1/../../../arm-none-eabi/lib/libc.a(libc_a-atexit.o)
 .debug_line    0x00000554       0xc7 /usr/lib/gcc/arm-none-eabi/13.2.1/../../../arm-none-eabi/lib/libc.a(libc_a-fini.o)
 .debug_line    0x0000061b      0x27c /usr/lib/gcc/arm-none-eabi/13.2.1/../../../arm-none-eabi/lib/libc.a(libc_a-__call_atexit.o)
 .debug_line    0x00000897      0x13e /usr/lib/gcc/arm-none-eabi/13.2.1/../../../arm-none-eabi/lib/libc.a(libc_a-__atexit.o)
 .debug_line    0x000009d5      0x572 /usr/lib/gcc/arm-none-eabi/13.2.1/../../../arm-none-eabi/lib/libc.a(libc_a-findfp.o)
 .debug_line    0x00000f47      0x1c0 /usr/lib/gcc/arm-none-eabi/13.2.1/../../../arm-none-eabi/lib/libc.a(libc_a-fwalk.o)
 .debug_line    0x00001107       0xde /usr/lib/gcc/arm-none-eabi/13.2.1/../../../arm-none-eabi/lib/libc.a(libc_a-impure.o)
 .debug_line    0x000011e5      0x8aa /usr/lib/gcc/arm-none-eabi/13.2.1/../../../arm-none-eabi/lib/libc.a(libc_a-mallocr.o)
 .debug_line    0x00001a8f      0x545 /usr/lib/gcc/arm-none-eabi/13.2.1/../../../arm-none-eabi/lib/libc.a(libc_a-freer.o)
 .debug_line    0x00001fd4      0x249 /usr/lib/gcc/arm-none-eabi/13.2.1/../../../arm-none-eabi/lib/libc.a(libc_a-fclose.o)
 .debug_line    0x0000221d       0xea /usr/lib/gcc/arm-none-eabi/13.2.1/../../../arm-none-eabi/lib/libc.a(libc_a-sysconf.o)
 .debug_line    0x00002307      0x220 /usr/lib/gcc/arm-none-eabi/13.2.1/../../../arm-none-eabi/lib/libc.a(libc_a-stdio.o)
 .debug_line    0x00002527      0x187 /usr/lib/gcc/arm-none-eabi/13.2.1/../../../arm-none-eabi/lib/libc.a(libc_a-writer.o)
 .debug_line    0x000026ae      0x14a /usr/lib/gcc/arm-none-eabi/13.2.1/../../../arm-none-eabi/lib/libc.a(libc_a-mlock.o)
 .debug_line    0x000027f8      0x18e /usr/lib/gcc/arm-none-eabi/13.2.1/../../../arm-none-eabi/lib/libc.a(libc_a-sbrkr.o)
 .debug_line    0x00002986      0x18a /usr/lib/gcc/arm-none-eabi/13.2.1/../../../arm-none-eabi/lib/libc.a(libc_a-closer.o)
 .debug_line    0x00002b10      0x458 /usr/lib/gcc/arm-none-eabi/13.2.1/../../../arm-none-eabi/lib/libc.a(libc_a-fflush.o)
 .debug_line    0x00002f68      0x103 /usr/lib/gcc/arm-none-eabi/13.2.1/../../../arm-none-eabi/lib/libc.a(libc_a-errno.o)
 .debug_line    0x0000306b      0x186 /usr/lib/gcc/arm-none-eabi/13.2.1/../../../arm-none-eabi/lib/libc.a(libc_a-readr.o)
 .debug_line    0x000031f1      0x187 /usr/lib/gcc/arm-none-eabi/13.2.1/../../../arm-none-eabi/lib/libc.a(libc_a-lseekr.o)
 .debug_line    0x00003378      0x1ea /usr/lib/gcc/arm-none-eabi/13.2.1/../../../arm-none-eabi/lib/libc.a(libc_a-reent.o)
 .debug_line    0x00003562       0x67 /usr/lib/gcc/arm-none-eabi/13.2.1/libgcc.a(_udivsi3.o)
 .debug_line    0x000035c9       0x4a /usr/lib/gcc/arm-none-eabi/13.2.1/libgcc.a(_dvmd_tls.o)
 .debug_line    0x00003613       0x69 /usr/lib/gcc/arm-none-eabi/13.2.1/../../../arm-none-eabi/lib/libnosys.a(close.o)
 .debug_line    0x0000367c       0x6a /usr/lib/gcc/arm-none-eabi/13.2.1/../../../arm-none-eabi/lib/libnosys.a(lseek.o)
 .debug_line    0x000036e6       0x69 /usr/lib/gcc/arm-none-eabi/13.2.1/../../../arm-none-eabi/lib/libnosys.a(read.o)
 .debug_line    0x0000374f       0x6d /usr/lib/gcc/arm-none-eabi/13.2.1/../../../arm-none-eabi/lib/libnosys.a(sbrk.o)
 .debug_line    0x000037bc       0x6a /usr/lib/gcc/arm-none-eabi/13.2.1/../../../arm-none-eabi/lib/libnosys.a(write.o)
 .debug_line    0x00003826       0x58 /usr/lib/gcc/arm-none-eabi/13.2.1/../../../arm-none-eabi/lib/libnosys.a(_exit.o)

.debug_line_str
                0x00000000       0xe3
 .debug_line_str
                0x00000000       0xe3 /usr/lib/gcc/arm-none-eabi/13.2.1/../../../arm-none-eabi/lib/crt0.o
                                 0x65 (size before relaxing)
 .debug_line_str
                0x000000e3       0x7e /usr/lib/gcc/arm-none-eabi/13.2.1/libgcc.a(_udivsi3.o)
 .debug_line_str
                0x000000e3       0x7e /usr/lib/gcc/arm-none-eabi/13.2.1/libgcc.a(_dvmd_tls.o)

.debug_info     0x00000000     0xa0f6
 .debug_info    0x00000000       0x25 /usr/lib/gcc/arm-none-eabi/13.2.1/../../../arm-none-eabi/lib/crt0.o
 .debug_info    0x00000025      0x135 /usr/lib/gcc/arm-none-eabi/13.2.1/../../../arm-none-eabi/lib/libc.a(libc_a-memset.o)
 .debug_info    0x0000015a      0x10b /usr/lib/gcc/arm-none-eabi/13.2.1/../../../arm-none-eabi/lib/libc.a(libc_a-init.o)
 .debug_info    0x00000265      0x10a /usr/lib/gcc/arm-none-eabi/13.2.1/../../../arm-none-eabi/lib/libc.a(libc_a-exit.o)
 .debug_info    0x0000036f      0x11e /usr/lib/gcc/arm-none-eabi/13.2.1/../../../arm-none-eabi/lib/libc.a(libc_a-atexit.o)
 .debug_info    0x0000048d       0xf7 /usr/lib/gcc/arm-none-eabi/13.2.1/../../../arm-none-eabi/lib/libc.a(libc_a-fini.o)
 .debug_info    0x00000584      0x280 /usr/lib/gcc/arm-none-eabi/13.2.1/../../../arm-none-eabi/lib/libc.a(libc_a-__call_atexit.o)
 .debug_info    0x00000804      0x1fd /usr/lib/gcc/arm-none-eabi/13.2.1/../../../arm-none-eabi/lib/libc.a(libc_a-__atexit.o)
 .debug_info    0x00000a01      0xea7 /usr/lib/gcc/arm-none-eabi/13.2.1/../../../arm-none-eabi/lib/libc.a(libc_a-findfp.o)
 .debug_info    0x000018a8      0x7e4 /usr/lib/gcc/arm-none-eabi/13.2.1/../../../arm-none-eabi/lib/libc.a(libc_a-fwalk.o)
 .debug_info    0x0000208c      0x729 /usr/lib/gcc/arm-none-eabi/13.2.1/../../../arm-none-eabi/lib/libc.a(libc_a-impure.o)
 .debug_info    0x000027b5      0xcdd /usr/lib/gcc/arm-none-eabi/13.2.1/../../../arm-none-eabi/lib/libc.a(libc_a-mallocr.o)
 .debug_info    0x00003492      0xb49 /usr/lib/gcc/arm-none-eabi/13.2.1/../../../arm-none-eabi/lib/libc.a(libc_a-freer.o)
 .debug_info    0x00003fdb      0x8e6 /usr/lib/gcc/arm-none-eabi/13.2.1/../../../arm-none-eabi/lib/libc.a(libc_a-fclose.o)
 .debug_info    0x000048c1       0xc1 /usr/lib/gcc/arm-none-eabi/13.2.1/../../../arm-none-eabi/lib/libc.a(libc_a-sysconf.o)
 .debug_info    0x00004982      0xa90 /usr/lib/gcc/arm-none-eabi/13.2.1/../../../arm-none-eabi/lib/libc.a(libc_a-stdio.o)
 .debug_info    0x00005412      0x7d9 /usr/lib/gcc/arm-none-eabi/13.2.1/../../../arm-none-eabi/lib/libc.a(libc_a-writer.o)
 .debug_info    0x00005beb      0x73a /usr/lib/gcc/arm-none-eabi/13.2.1/../../../arm-none-eabi/lib/libc.a(libc_a-mlock.o)
 .debug_info    0x00006325      0x796 /usr/lib/gcc/arm-none-eabi/13.2.1/../../../arm-none-eabi/lib/libc.a(libc_a-sbrkr.o)
 .debug_info    0x00006abb      0x770 /usr/lib/gcc/arm-none-eabi/13.2.1/../../../arm-none-eabi/lib/libc.a(libc_a-closer.o)
 .debug_info    0x0000722b      0xa48 /usr/lib/gcc/arm-none-eabi/13.2.1/../../../arm-none-eabi/lib/libc.a(libc_a-fflush.o)
 .debug_info    0x00007c73      0x70f /usr/lib/gcc/arm-none-eabi/13.2.1/../../../arm-none-eabi/lib/libc.a(libc_a-errno.o)
 .debug_info    0x00008382      0x7d3 /usr/lib/gcc/arm-none-eabi/13.2.1/../../../arm-none-eabi/lib/libc.a(libc_a-readr.o)
 .debug_info    0x00008b55      0x7bc /usr/lib/gcc/arm-none-eabi/13.2.1/../../../arm-none-eabi/lib/libc.a(libc_a-lseekr.o)
 .debug_info    0x00009311      0x831 /usr/lib/gcc/arm-none-eabi/13.2.1/../../../arm-none-eabi/lib/libc.a(libc_a-reent.o)
 .debug_info    0x00009b42       0x3e /usr/lib/gcc/arm-none-eabi/13.2.1/libgcc.a(_udivsi3.o)
 .debug_info    0x00009b80       0x3c /usr/lib/gcc/arm-none-eabi/13.2.1/libgcc.a(_dvmd_tls.o)
 .debug_info    0x00009bbc       0xde /usr/lib/gcc/arm-none-eabi/13.2.1/../../../arm-none-eabi/lib/libnosys.a(close.o)
 .debug_info    0x00009c9a      0x100 /usr/lib/gcc/arm-none-eabi/13.2.1/../../../arm-none-eabi/lib/libnosys.a(lseek.o)
 .debug_info    0x00009d9a      0x106 /usr/lib/gcc/arm-none-eabi/13.2.1/../../../arm-none-eabi/lib/libnosys.a(read.o)
 .debug_info    0x00009ea0       0xac /usr/lib/gcc/arm-none-eabi/13.2.1/../../../arm-none-eabi/lib/libnosys.a(sbrk.o)
 .debug_info    0x00009f4c      0x106 /usr/lib/gcc/arm-none-eabi/13.2.1/../../../arm-none-eabi/lib/libnosys.a(write.o)
 .debug_info    0x0000a052       0xa4 /usr/lib/gcc/arm-none-eabi/13.2.1/../../../arm-none-eabi/lib/libnosys.a(_exit.o)

.debug_abbrev   0x00000000     0x309a
 .debug_abbrev  0x00000000       0x14 /usr/lib/gcc/arm-none-eabi/13.2.1/../../../arm-none-eabi/lib/crt0.o
 .debug_abbrev  0x00000014       0xb7 /usr/lib/gcc/arm-none-eabi/13.2.1/../../../arm-none-eabi/lib/libc.a(libc_a-memset.o)
 .debug_abbrev  0x000000cb       0xc9 /usr/lib/gcc/arm-none-eabi/13.2.1/../../../arm-none-eabi/lib/libc.a(libc_a-init.o)
 .debug_abbrev  0x00000194       0xd5 /usr/lib/gcc/arm-none-eabi/13.2.1/../../../arm-none-eabi/lib/libc.a(libc_a-exit.o)
 .debug_abbrev  0x00000269       0xbe /usr/lib/gcc/arm-none-eabi/13.2.1/../../../arm-none-eabi/lib/libc.a(libc_a-atexit.o)
 .debug_abbrev  0x00000327       0xc9 /usr/lib/gcc/arm-none-eabi/13.2.1/../../../arm-none-eabi/lib/libc.a(libc_a-fini.o)
 .debug_abbrev  0x000003f0      0x1d1 /usr/lib/gcc/arm-none-eabi/13.2.1/../../../arm-none-eabi/lib/libc.a(libc_a-__call_atexit.o)
 .debug_abbrev  0x000005c1      0x157 /usr/lib/gcc/arm-none-eabi/13.2.1/../../../arm-none-eabi/lib/libc.a(libc_a-__atexit.o)
 .debug_abbrev  0x00000718      0x43a /usr/lib/gcc/arm-none-eabi/13.2.1/../../../arm-none-eabi/lib/libc.a(libc_a-findfp.o)
 .debug_abbrev  0x00000b52      0x1d9 /usr/lib/gcc/arm-none-eabi/13.2.1/../../../arm-none-eabi/lib/libc.a(libc_a-fwalk.o)
 .debug_abbrev  0x00000d2b      0x185 /usr/lib/gcc/arm-none-eabi/13.2.1/../../../arm-none-eabi/lib/libc.a(libc_a-impure.o)
 .debug_abbrev  0x00000eb0      0x2d7 /usr/lib/gcc/arm-none-eabi/13.2.1/../../../arm-none-eabi/lib/libc.a(libc_a-mallocr.o)
 .debug_abbrev  0x00001187      0x289 /usr/lib/gcc/arm-none-eabi/13.2.1/../../../arm-none-eabi/lib/libc.a(libc_a-freer.o)
 .debug_abbrev  0x00001410      0x2ed /usr/lib/gcc/arm-none-eabi/13.2.1/../../../arm-none-eabi/lib/libc.a(libc_a-fclose.o)
 .debug_abbrev  0x000016fd       0x80 /usr/lib/gcc/arm-none-eabi/13.2.1/../../../arm-none-eabi/lib/libc.a(libc_a-sysconf.o)
 .debug_abbrev  0x0000177d      0x242 /usr/lib/gcc/arm-none-eabi/13.2.1/../../../arm-none-eabi/lib/libc.a(libc_a-stdio.o)
 .debug_abbrev  0x000019bf      0x1f1 /usr/lib/gcc/arm-none-eabi/13.2.1/../../../arm-none-eabi/lib/libc.a(libc_a-writer.o)
 .debug_abbrev  0x00001bb0      0x1ce /usr/lib/gcc/arm-none-eabi/13.2.1/../../../arm-none-eabi/lib/libc.a(libc_a-mlock.o)
 .debug_abbrev  0x00001d7e      0x216 /usr/lib/gcc/arm-none-eabi/13.2.1/../../../arm-none-eabi/lib/libc.a(libc_a-sbrkr.o)
 .debug_abbrev  0x00001f94      0x1ec /usr/lib/gcc/arm-none-eabi/13.2.1/../../../arm-none-eabi/lib/libc.a(libc_a-closer.o)
 .debug_abbrev  0x00002180      0x339 /usr/lib/gcc/arm-none-eabi/13.2.1/../../../arm-none-eabi/lib/libc.a(libc_a-fflush.o)
 .debug_abbrev  0x000024b9      0x19a /usr/lib/gcc/arm-none-eabi/13.2.1/../../../arm-none-eabi/lib/libc.a(libc_a-errno.o)
 .debug_abbrev  0x00002653      0x1ec /usr/lib/gcc/arm-none-eabi/13.2.1/../../../arm-none-eabi/lib/libc.a(libc_a-readr.o)
 .debug_abbrev  0x0000283f      0x200 /usr/lib/gcc/arm-none-eabi/13.2.1/../../../arm-none-eabi/lib/libc.a(libc_a-lseekr.o)
 .debug_abbrev  0x00002a3f      0x22a /usr/lib/gcc/arm-none-eabi/13.2.1/../../../arm-none-eabi/lib/libc.a(libc_a-reent.o)
 .debug_abbrev  0x00002c69       0x28 /usr/lib/gcc/arm-none-eabi/13.2.1/libgcc.a(_udivsi3.o)
 .debug_abbrev  0x00002c91       0x26 /usr/lib/gcc/arm-none-eabi/13.2.1/libgcc.a(_dvmd_tls.o)
 .debug_abbrev  0x00002cb7       0x96 /usr/lib/gcc/arm-none-eabi/13.2.1/../../../arm-none-eabi/lib/libnosys.a(close.o)
 .debug_abbrev  0x00002d4d       0xbb /usr/lib/gcc/arm-none-eabi/13.2.1/../../../arm-none-eabi/lib/libnosys.a(lseek.o)
 .debug_abbrev  0x00002e08       0xc4 /usr/lib/gcc/arm-none-eabi/13.2.1/../../../arm-none-eabi/lib/libnosys.a(read.o)
 .debug_abbrev  0x00002ecc       0xa1 /usr/lib/gcc/arm-none-eabi/13.2.1/../../../arm-none-eabi/lib/libnosys.a(sbrk.o)
 .debug_abbrev  0x00002f6d       0xc4 /usr/lib/gcc/arm-none-eabi/13.2.1/../../../arm-none-eabi/lib/libnosys.a(write.o)
 .debug_abbrev  0x00003031       0x69 /usr/lib/gcc/arm-none-eabi/13.2.1/../../../arm-none-eabi/lib/libnosys.a(_exit.o)

.debug_aranges  0x00000000      0x420
 .debug_aranges
                0x00000000       0x20 /usr/lib/gcc/arm-none-eabi/13.2.1/../../../arm-none-eabi/lib/crt0.o
 .debug_aranges
                0x00000020       0x20 /usr/lib/gcc/arm-none-eabi/13.2.1/../../../arm-none-eabi/lib/libc.a(libc_a-memset.o)
 .debug_aranges
                0x00000040       0x20 /usr/lib/gcc/arm-none-eabi/13.2.1/../../../arm-none-eabi/lib/libc.a(libc_a-init.o)
 .debug_aranges
                0x00000060       0x20 /usr/lib/gcc/arm-none-eabi/13.2.1/../../../arm-none-eabi/lib/libc.a(libc_a-exit.o)
 .debug_aranges
                0x00000080       0x20 /usr/lib/gcc/arm-none-eabi/13.2.1/../../../arm-none-eabi/lib/libc.a(libc_a-atexit.o)
 .debug_aranges
                0x000000a0       0x20 /usr/lib/gcc/arm-none-eabi/13.2.1/../../../arm-none-eabi/lib/libc.a(libc_a-fini.o)
 .debug_aranges
                0x000000c0       0x28 /usr/lib/gcc/arm-none-eabi/13.2.1/../../../arm-none-eabi/lib/libc.a(libc_a-__call_atexit.o)
 .debug_aranges
                0x000000e8       0x20 /usr/lib/gcc/arm-none-eabi/13.2.1/../../../arm-none-eabi/lib/libc.a(libc_a-__atexit.o)
 .debug_aranges
                0x00000108       0x20 /usr/lib/gcc/arm-none-eabi/13.2.1/../../../arm-none-eabi/lib/libc.a(libc_a-findfp.o)
 .debug_aranges
                0x00000128       0x20 /usr/lib/gcc/arm-none-eabi/13.2.1/../../../arm-none-eabi/lib/libc.a(libc_a-fwalk.o)
 .debug_aranges
                0x00000148       0x18 /usr/lib/gcc/arm-none-eabi/13.2.1/../../../arm-none-eabi/lib/libc.a(libc_a-impure.o)
 .debug_aranges
                0x00000160       0x20 /usr/lib/gcc/arm-none-eabi/13.2.1/../../../arm-none-eabi/lib/libc.a(libc_a-mallocr.o)
 .debug_aranges
                0x00000180       0x20 /usr/lib/gcc/arm-none-eabi/13.2.1/../../../arm-none-eabi/lib/libc.a(libc_a-freer.o)
 .debug_aranges
                0x000001a0       0x20 /usr/lib/gcc/arm-none-eabi/13.2.1/../../../arm-none-eabi/lib/libc.a(libc_a-fclose.o)
 .debug_aranges
                0x000001c0       0x20 /usr/lib/gcc/arm-none-eabi/13.2.1/../../../arm-none-eabi/lib/libc.a(libc_a-sysconf.o)
 .debug_aranges
                0x000001e0       0x20 /usr/lib/gcc/arm-none-eabi/13.2.1/../../../arm-none-eabi/lib/libc.a(libc_a-stdio.o)
 .debug_aranges
                0x00000200       0x20 /usr/lib/gcc/arm-none-eabi/13.2.1/../../../arm-none-eabi/lib/libc.a(libc_a-writer.o)
 .debug_aranges
                0x00000220       0x20 /usr/lib/gcc/arm-none-eabi/13.2.1/../../../arm-none-eabi/lib/libc.a(libc_a-mlock.o)
 .debug_aranges
                0x00000240       0x20 /usr/lib/gcc/arm-none-eabi/13.2.1/../../../arm-none-eabi/lib/libc.a(libc_a-sbrkr.o)
 .debug_aranges
                0x00000260       0x20 /usr/lib/gcc/arm-none-eabi/13.2.1/../../../arm-none-eabi/lib/libc.a(libc_a-closer.o)
 .debug_aranges
                0x00000280       0x20 /usr/lib/gcc/arm-none-eabi/13.2.1/../../../arm-none-eabi/lib/libc.a(libc_a-fflush.o)
 .debug_aranges
                0x000002a0       0x20 /usr/lib/gcc/arm-none-eabi/13.2.1/../../../arm-none-eabi/lib/libc.a(libc_a-errno.o)
 .debug_aranges
                0x000002c0       0x20 /usr/lib/gcc/arm-none-eabi/13.2.1/../../../arm-none-eabi/lib/libc.a(libc_a-readr.o)
 .debug_aranges
                0x000002e0       0x20 /usr/lib/gcc/arm-none-eabi/13.2.1/../../../arm-none-eabi/lib/libc.a(libc_a-lseekr.o)
 .debug_aranges
                0x00000300       0x20 /usr/lib/gcc/arm-none-eabi/13.2.1/../../../arm-none-eabi/lib/libc.a(libc_a-reent.o)
 .debug_aranges
                0x00000320       0x20 /usr/lib/gcc/arm-none-eabi/13.2.1/libgcc.a(_udivsi3.o)
 .debug_aranges
                0x00000340       0x20 /usr/lib/gcc/arm-none-eabi/13.2.1/libgcc.a(_dvmd_tls.o)
 .debug_aranges
                0x00000360       0x20 /usr/lib/gcc/arm-none-eabi/13.2.1/../../../arm-none-eabi/lib/libnosys.a(close.o)
 .debug_aranges
                0x00000380       0x20 /usr/lib/gcc/arm-none-eabi/13.2.1/../../../arm-none-eabi/lib/libnosys.a(lseek.o)
 .debug_aranges
                0x000003a0       0x20 /usr/lib/gcc/arm-none-eabi/13.2.1/../../../arm-none-eabi/lib/libnosys.a(read.o)
 .debug_aranges
                0x000003c0       0x20 /usr/lib/gcc/arm-none-eabi/13.2.1/../../../arm-none-eabi/lib/libnosys.a(sbrk.o)
 .debug_aranges
                0x000003e0       0x20 /usr/lib/gcc/arm-none-eabi/13.2.1/../../../arm-none-eabi/lib/libnosys.a(write.o)
 .debug_aranges
                0x00000400       0x20 /usr/lib/gcc/arm-none-eabi/13.2.1/../../../arm-none-eabi/lib/libnosys.a(_exit.o)

.debug_str      0x00000000     0x10ac
 .debug_str     0x00000000     0x10ac /usr/lib/gcc/arm-none-eabi/13.2.1/../../../arm-none-eabi/lib/crt0.o
                                 0x71 (size before relaxing)
 .debug_str     0x000010ac      0x182 /usr/lib/gcc/arm-none-eabi/13.2.1/../../../arm-none-eabi/lib/libc.a(libc_a-memset.o)
 .debug_str     0x000010ac      0x1cf /usr/lib/gcc/arm-none-eabi/13.2.1/../../../arm-none-eabi/lib/libc.a(libc_a-init.o)
 .debug_str     0x000010ac      0x194 /usr/lib/gcc/arm-none-eabi/13.2.1/../../../arm-none-eabi/lib/libc.a(libc_a-exit.o)
 .debug_str     0x000010ac      0x1ab /usr/lib/gcc/arm-none-eabi/13.2.1/../../../arm-none-eabi/lib/libc.a(libc_a-atexit.o)
 .debug_str     0x000010ac      0x1a5 /usr/lib/gcc/arm-none-eabi/13.2.1/../../../arm-none-eabi/lib/libc.a(libc_a-fini.o)
 .debug_str     0x000010ac      0x238 /usr/lib/gcc/arm-none-eabi/13.2.1/../../../arm-none-eabi/lib/libc.a(libc_a-__call_atexit.o)
 .debug_str     0x000010ac      0x216 /usr/lib/gcc/arm-none-eabi/13.2.1/../../../arm-none-eabi/lib/libc.a(libc_a-__atexit.o)
 .debug_str     0x000010ac      0x689 /usr/lib/gcc/arm-none-eabi/13.2.1/../../../arm-none-eabi/lib/libc.a(libc_a-findfp.o)
 .debug_str     0x000010ac      0x491 /usr/lib/gcc/arm-none-eabi/13.2.1/../../../arm-none-eabi/lib/libc.a(libc_a-fwalk.o)
 .debug_str     0x000010ac      0x486 /usr/lib/gcc/arm-none-eabi/13.2.1/../../../arm-none-eabi/lib/libc.a(libc_a-impure.o)
 .debug_str     0x000010ac      0x6a9 /usr/lib/gcc/arm-none-eabi/13.2.1/../../../arm-none-eabi/lib/libc.a(libc_a-mallocr.o)
 .debug_str     0x000010ac      0x5ff /usr/lib/gcc/arm-none-eabi/13.2.1/../../../arm-none-eabi/lib/libc.a(libc_a-freer.o)
 .debug_str     0x000010ac      0x4e0 /usr/lib/gcc/arm-none-eabi/13.2.1/../../../arm-none-eabi/lib/libc.a(libc_a-fclose.o)
 .debug_str     0x000010ac      0x177 /usr/lib/gcc/arm-none-eabi/13.2.1/../../../arm-none-eabi/lib/libc.a(libc_a-sysconf.o)
 .debug_str     0x000010ac      0x4ee /usr/lib/gcc/arm-none-eabi/13.2.1/../../../arm-none-eabi/lib/libc.a(libc_a-stdio.o)
 .debug_str     0x000010ac      0x487 /usr/lib/gcc/arm-none-eabi/13.2.1/../../../arm-none-eabi/lib/libc.a(libc_a-writer.o)
 .debug_str     0x000010ac      0x49f /usr/lib/gcc/arm-none-eabi/13.2.1/../../../arm-none-eabi/lib/libc.a(libc_a-mlock.o)
 .debug_str     0x000010ac      0x48a /usr/lib/gcc/arm-none-eabi/13.2.1/../../../arm-none-eabi/lib/libc.a(libc_a-sbrkr.o)
 .debug_str     0x000010ac      0x477 /usr/lib/gcc/arm-none-eabi/13.2.1/../../../arm-none-eabi/lib/libc.a(libc_a-closer.o)
 .debug_str     0x000010ac      0x508 /usr/lib/gcc/arm-none-eabi/13.2.1/../../../arm-none-eabi/lib/libc.a(libc_a-fflush.o)
 .debug_str     0x000010ac      0x47b /usr/lib/gcc/arm-none-eabi/13.2.1/../../../arm-none-eabi/lib/libc.a(libc_a-errno.o)
 .debug_str     0x000010ac      0x485 /usr/lib/gcc/arm-none-eabi/13.2.1/../../../arm-none-eabi/lib/libc.a(libc_a-readr.o)
 .debug_str     0x000010ac      0x485 /usr/lib/gcc/arm-none-eabi/13.2.1/../../../arm-none-eabi/lib/libc.a(libc_a-lseekr.o)
 .debug_str     0x000010ac      0x4a0 /usr/lib/gcc/arm-none-eabi/13.2.1/../../../arm-none-eabi/lib/libc.a(libc_a-reent.o)
 .debug_str     0x000010ac       0xa5 /usr/lib/gcc/arm-none-eabi/13.2.1/libgcc.a(_udivsi3.o)
 .debug_str     0x000010ac       0xa6 /usr/lib/gcc/arm-none-eabi/13.2.1/libgcc.a(_dvmd_tls.o)
 .debug_str     0x000010ac      0x183 /usr/lib/gcc/arm-none-eabi/13.2.1/../../../arm-none-eabi/lib/libnosys.a(close.o)
 .debug_str     0x000010ac      0x181 /usr/lib/gcc/arm-none-eabi/13.2.1/../../../arm-none-eabi/lib/libnosys.a(lseek.o)
 .debug_str     0x000010ac      0x17e /usr/lib/gcc/arm-none-eabi/13.2.1/../../../arm-none-eabi/lib/libnosys.a(read.o)
 .debug_str     0x000010ac      0x108 /usr/lib/gcc/arm-none-eabi/13.2.1/../../../arm-none-eabi/lib/libnosys.a(sbrk.o)
 .debug_str     0x000010ac      0x181 /usr/lib/gcc/arm-none-eabi/13.2.1/../../../arm-none-eabi/lib/libnosys.a(write.o)
 .debug_str     0x000010ac      0x154 /usr/lib/gcc/arm-none-eabi/13.2.1/../../../arm-none-eabi/lib/libnosys.a(_exit.o)

.debug_loclists
                0x00000000     0x1f94
 .debug_loclists
                0x00000000      0x1c9 /usr/lib/gcc/arm-none-eabi/13.2.1/../../../arm-none-eabi/lib/libc.a(libc_a-memset.o)
 .debug_loclists
                0x000001c9       0x65 /usr/lib/gcc/arm-none-eabi/13.2.1/../../../arm-none-eabi/lib/libc.a(libc_a-init.o)
 .debug_loclists
                0x0000022e       0x1b /usr/lib/gcc/arm-none-eabi/13.2.1/../../../arm-none-eabi/lib/libc.a(libc_a-exit.o)
 .debug_loclists
                0x00000249       0x2b /usr/lib/gcc/arm-none-eabi/13.2.1/../../../arm-none-eabi/lib/libc.a(libc_a-atexit.o)
 .debug_loclists
                0x00000274       0x42 /usr/lib/gcc/arm-none-eabi/13.2.1/../../../arm-none-eabi/lib/libc.a(libc_a-fini.o)
 .debug_loclists
                0x000002b6      0x119 /usr/lib/gcc/arm-none-eabi/13.2.1/../../../arm-none-eabi/lib/libc.a(libc_a-__call_atexit.o)
 .debug_loclists
                0x000003cf       0xfc /usr/lib/gcc/arm-none-eabi/13.2.1/../../../arm-none-eabi/lib/libc.a(libc_a-__atexit.o)
 .debug_loclists
                0x000004cb      0x1da /usr/lib/gcc/arm-none-eabi/13.2.1/../../../arm-none-eabi/lib/libc.a(libc_a-findfp.o)
 .debug_loclists
                0x000006a5       0x90 /usr/lib/gcc/arm-none-eabi/13.2.1/../../../arm-none-eabi/lib/libc.a(libc_a-fwalk.o)
 .debug_loclists
                0x00000735      0x8d0 /usr/lib/gcc/arm-none-eabi/13.2.1/../../../arm-none-eabi/lib/libc.a(libc_a-mallocr.o)
 .debug_loclists
                0x00001005      0x449 /usr/lib/gcc/arm-none-eabi/13.2.1/../../../arm-none-eabi/lib/libc.a(libc_a-freer.o)
 .debug_loclists
                0x0000144e      0x13f /usr/lib/gcc/arm-none-eabi/13.2.1/../../../arm-none-eabi/lib/libc.a(libc_a-fclose.o)
 .debug_loclists
                0x0000158d       0x3b /usr/lib/gcc/arm-none-eabi/13.2.1/../../../arm-none-eabi/lib/libc.a(libc_a-sysconf.o)
 .debug_loclists
                0x000015c8      0x29f /usr/lib/gcc/arm-none-eabi/13.2.1/../../../arm-none-eabi/lib/libc.a(libc_a-stdio.o)
 .debug_loclists
                0x00001867       0x89 /usr/lib/gcc/arm-none-eabi/13.2.1/../../../arm-none-eabi/lib/libc.a(libc_a-writer.o)
 .debug_loclists
                0x000018f0       0x62 /usr/lib/gcc/arm-none-eabi/13.2.1/../../../arm-none-eabi/lib/libc.a(libc_a-sbrkr.o)
 .debug_loclists
                0x00001952       0x4b /usr/lib/gcc/arm-none-eabi/13.2.1/../../../arm-none-eabi/lib/libc.a(libc_a-closer.o)
 .debug_loclists
                0x0000199d      0x343 /usr/lib/gcc/arm-none-eabi/13.2.1/../../../arm-none-eabi/lib/libc.a(libc_a-fflush.o)
 .debug_loclists
                0x00001ce0       0x89 /usr/lib/gcc/arm-none-eabi/13.2.1/../../../arm-none-eabi/lib/libc.a(libc_a-readr.o)
 .debug_loclists
                0x00001d69       0x89 /usr/lib/gcc/arm-none-eabi/13.2.1/../../../arm-none-eabi/lib/libc.a(libc_a-lseekr.o)
 .debug_loclists
                0x00001df2       0x86 /usr/lib/gcc/arm-none-eabi/13.2.1/../../../arm-none-eabi/lib/libc.a(libc_a-reent.o)
 .debug_loclists
                0x00001e78       0x24 /usr/lib/gcc/arm-none-eabi/13.2.1/../../../arm-none-eabi/lib/libnosys.a(close.o)
 .debug_loclists
                0x00001e9c       0x3c /usr/lib/gcc/arm-none-eabi/13.2.1/../../../arm-none-eabi/lib/libnosys.a(lseek.o)
 .debug_loclists
                0x00001ed8       0x3c /usr/lib/gcc/arm-none-eabi/13.2.1/../../../arm-none-eabi/lib/libnosys.a(read.o)
 .debug_loclists
                0x00001f14       0x30 /usr/lib/gcc/arm-none-eabi/13.2.1/../../../arm-none-eabi/lib/libnosys.a(sbrk.o)
 .debug_loclists
                0x00001f44       0x3c /usr/lib/gcc/arm-none-eabi/13.2.1/../../../arm-none-eabi/lib/libnosys.a(write.o)
 .debug_loclists
                0x00001f80       0x14 /usr/lib/gcc/arm-none-eabi/13.2.1/../../../arm-none-eabi/lib/libnosys.a(_exit.o)

.debug_frame    0x00000000      0x80c
 .debug_frame   0x00000000       0x34 /usr/lib/gcc/arm-none-eabi/13.2.1/../../../arm-none-eabi/lib/libc.a(libc_a-memset.o)
 .debug_frame   0x00000034       0x34 /usr/lib/gcc/arm-none-eabi/13.2.1/../../../arm-none-eabi/lib/libc.a(libc_a-init.o)
 .debug_frame   0x00000068       0x28 /usr/lib/gcc/arm-none-eabi/13.2.1/../../../arm-none-eabi/lib/libc.a(libc_a-exit.o)
 .debug_frame   0x00000090       0x2c /usr/lib/gcc/arm-none-eabi/13.2.1/../../../arm-none-eabi/lib/libc.a(libc_a-atexit.o)
 .debug_frame   0x000000bc       0x34 /usr/lib/gcc/arm-none-eabi/13.2.1/../../../arm-none-eabi/lib/libc.a(libc_a-fini.o)
 .debug_frame   0x000000f0       0x68 /usr/lib/gcc/arm-none-eabi/13.2.1/../../../arm-none-eabi/lib/libc.a(libc_a-__call_atexit.o)
 .debug_frame   0x00000158       0x30 /usr/lib/gcc/arm-none-eabi/13.2.1/../../../arm-none-eabi/lib/libc.a(libc_a-__atexit.o)
 .debug_frame   0x00000188      0x12c /usr/lib/gcc/arm-none-eabi/13.2.1/../../../arm-none-eabi/lib/libc.a(libc_a-findfp.o)
 .debug_frame   0x000002b4       0x40 /usr/lib/gcc/arm-none-eabi/13.2.1/../../../arm-none-eabi/lib/libc.a(libc_a-fwalk.o)
 .debug_frame   0x000002f4       0x60 /usr/lib/gcc/arm-none-eabi/13.2.1/../../../arm-none-eabi/lib/libc.a(libc_a-mallocr.o)
 .debug_frame   0x00000354       0x70 /usr/lib/gcc/arm-none-eabi/13.2.1/../../../arm-none-eabi/lib/libc.a(libc_a-freer.o)
 .debug_frame   0x000003c4       0x50 /usr/lib/gcc/arm-none-eabi/13.2.1/../../../arm-none-eabi/lib/libc.a(libc_a-fclose.o)
 .debug_frame   0x00000414       0x2c /usr/lib/gcc/arm-none-eabi/13.2.1/../../../arm-none-eabi/lib/libc.a(libc_a-sysconf.o)
 .debug_frame   0x00000440       0xa0 /usr/lib/gcc/arm-none-eabi/13.2.1/../../../arm-none-eabi/lib/libc.a(libc_a-stdio.o)
 .debug_frame   0x000004e0       0x34 /usr/lib/gcc/arm-none-eabi/13.2.1/../../../arm-none-eabi/lib/libc.a(libc_a-writer.o)
 .debug_frame   0x00000514       0x30 /usr/lib/gcc/arm-none-eabi/13.2.1/../../../arm-none-eabi/lib/libc.a(libc_a-mlock.o)
 .debug_frame   0x00000544       0x3c /usr/lib/gcc/arm-none-eabi/13.2.1/../../../arm-none-eabi/lib/libc.a(libc_a-sbrkr.o)
 .debug_frame   0x00000580       0x34 /usr/lib/gcc/arm-none-eabi/13.2.1/../../../arm-none-eabi/lib/libc.a(libc_a-closer.o)
 .debug_frame   0x000005b4       0xb0 /usr/lib/gcc/arm-none-eabi/13.2.1/../../../arm-none-eabi/lib/libc.a(libc_a-fflush.o)
 .debug_frame   0x00000664       0x20 /usr/lib/gcc/arm-none-eabi/13.2.1/../../../arm-none-eabi/lib/libc.a(libc_a-errno.o)
 .debug_frame   0x00000684       0x34 /usr/lib/gcc/arm-none-eabi/13.2.1/../../../arm-none-eabi/lib/libc.a(libc_a-readr.o)
 .debug_frame   0x000006b8       0x34 /usr/lib/gcc/arm-none-eabi/13.2.1/../../../arm-none-eabi/lib/libc.a(libc_a-lseekr.o)
 .debug_frame   0x000006ec       0x40 /usr/lib/gcc/arm-none-eabi/13.2.1/../../../arm-none-eabi/lib/libc.a(libc_a-reent.o)
 .debug_frame   0x0000072c       0x20 /usr/lib/gcc/arm-none-eabi/13.2.1/libgcc.a(_udivsi3.o)
 .debug_frame   0x0000074c       0x20 /usr/lib/gcc/arm-none-eabi/13.2.1/../../../arm-none-eabi/lib/libnosys.a(close.o)
 .debug_frame   0x0000076c       0x20 /usr/lib/gcc/arm-none-eabi/13.2.1/../../../arm-none-eabi/lib/libnosys.a(lseek.o)
 .debug_frame   0x0000078c       0x20 /usr/lib/gcc/arm-none-eabi/13.2.1/../../../arm-none-eabi/lib/libnosys.a(read.o)
 .debug_frame   0x000007ac       0x20 /usr/lib/gcc/arm-none-eabi/13.2.1/../../../arm-none-eabi/lib/libnosys.a(sbrk.o)
 .debug_frame   0x000007cc       0x20 /usr/lib/gcc/arm-none-eabi/13.2.1/../../../arm-none-eabi/lib/libnosys.a(write.o)
 .debug_frame   0x000007ec       0x20 /usr/lib/gcc/arm-none-eabi/13.2.1/../../../arm-none-eabi/lib/libnosys.a(_exit.o)

.debug_rnglists
                0x00000000      0x14f
 .debug_rnglists
                0x00000000       0x48 /usr/lib/gcc/arm-none-eabi/13.2.1/../../../arm-none-eabi/lib/libc.a(libc_a-__call_atexit.o)
 .debug_rnglists
                0x00000048       0x70 /usr/lib/gcc/arm-none-eabi/13.2.1/../../../arm-none-eabi/lib/libc.a(libc_a-findfp.o)
 .debug_rnglists
                0x000000b8       0x1c /usr/lib/gcc/arm-none-eabi/13.2.1/../../../arm-none-eabi/lib/libc.a(libc_a-mallocr.o)
 .debug_rnglists
                0x000000d4       0x22 /usr/lib/gcc/arm-none-eabi/13.2.1/../../../arm-none-eabi/lib/libc.a(libc_a-fclose.o)
 .debug_rnglists
                0x000000f6       0x59 /usr/lib/gcc/arm-none-eabi/13.2.1/../../../arm-none-eabi/lib/libc.a(libc_a-fflush.o)
